[2026-05-09T14:41:43.782Z] {"timestamp":1778337701621,"level":"DEBUG","args":["[Manus] Debug collector initialized (no rrweb, UI events only)"],"stack":null}
[2026-05-09T14:41:43.782Z] {"timestamp":1778337702069,"level":"DEBUG","args":["[vite] connected."],"stack":null}
[2026-05-09T14:42:11.764Z] {"timestamp":1778337729056,"level":"DEBUG","args":["[Manus] Debug collector initialized (no rrweb, UI events only)"],"stack":null}
[2026-05-09T14:42:11.764Z] {"timestamp":1778337729501,"level":"DEBUG","args":["[vite] connected."],"stack":null}
[2026-05-09T14:42:14.768Z] {"timestamp":1778337732208,"level":"DEBUG","args":["[Manus] Debug collector initialized (no rrweb, UI events only)"],"stack":null}
[2026-05-09T14:42:14.768Z] {"timestamp":1778337732709,"level":"DEBUG","args":["[vite] connected."],"stack":null}
[2026-05-09T14:43:57.592Z] {"timestamp":1778337835457,"level":"DEBUG","args":["[Manus] Debug collector initialized (no rrweb, UI events only)"],"stack":null}
[2026-05-09T14:43:57.593Z] {"timestamp":1778337836212,"level":"DEBUG","args":["[vite] connected."],"stack":null}
[2026-05-09T14:44:04.773Z] {"timestamp":1778337841804,"level":"DEBUG","args":["[Manus] Debug collector initialized (no rrweb, UI events only)"],"stack":null}
[2026-05-09T14:44:04.773Z] {"timestamp":1778337842520,"level":"DEBUG","args":["[vite] connected."],"stack":null}
[2026-05-09T14:44:19.776Z] {"timestamp":1778337856972,"level":"DEBUG","args":["[Manus] Debug collector initialized (no rrweb, UI events only)"],"stack":null}
[2026-05-09T14:44:19.776Z] {"timestamp":1778337857562,"level":"DEBUG","args":["[vite] connected."],"stack":null}
[2026-05-09T14:47:35.766Z] {"timestamp":1778338052987,"level":"DEBUG","args":["[Manus] Debug collector initialized (no rrweb, UI events only)"],"stack":null}
[2026-05-09T14:47:35.766Z] {"timestamp":1778338053671,"level":"DEBUG","args":["[vite] connected."],"stack":null}
[2026-05-09T14:47:55.768Z] {"timestamp":1778338073579,"level":"DEBUG","args":["[Manus] Debug collector initialized (no rrweb, UI events only)"],"stack":null}
[2026-05-09T14:47:55.768Z] {"timestamp":1778338074547,"level":"DEBUG","args":["[vite] connected."],"stack":null}
[2026-05-09T14:47:59.767Z] {"timestamp":1778338077145,"level":"DEBUG","args":["[Manus] Debug collector initialized (no rrweb, UI events only)"],"stack":null}
[2026-05-09T14:47:59.767Z] {"timestamp":1778338077769,"level":"DEBUG","args":["[vite] connected."],"stack":null}
[2026-05-09T14:48:26.763Z] {"timestamp":1778338104270,"level":"DEBUG","args":["[Manus] Debug collector initialized (no rrweb, UI events only)"],"stack":null}
[2026-05-09T14:48:26.763Z] {"timestamp":1778338104725,"level":"DEBUG","args":["[vite] connected."],"stack":null}
[2026-05-09T14:48:30.770Z] {"timestamp":1778338107674,"level":"DEBUG","args":["[Manus] Debug collector initialized (no rrweb, UI events only)"],"stack":null}
[2026-05-09T14:48:30.770Z] {"timestamp":1778338108115,"level":"DEBUG","args":["[vite] connected."],"stack":null}
[2026-05-09T14:50:30.765Z] {"timestamp":1778338228088,"level":"DEBUG","args":["[Manus] Debug collector initialized (no rrweb, UI events only)"],"stack":null}
[2026-05-09T14:50:30.765Z] {"timestamp":1778338228936,"level":"DEBUG","args":["[vite] connected."],"stack":null}
[2026-05-09T14:50:33.767Z] {"timestamp":1778338231439,"level":"DEBUG","args":["[Manus] Debug collector initialized (no rrweb, UI events only)"],"stack":null}
[2026-05-09T14:50:33.767Z] {"timestamp":1778338232193,"level":"DEBUG","args":["[vite] connected."],"stack":null}
[2026-05-09T14:51:16.769Z] {"timestamp":1778338273975,"level":"DEBUG","args":["[Manus] Debug collector initialized (no rrweb, UI events only)"],"stack":null}
[2026-05-09T14:51:16.769Z] {"timestamp":1778338274407,"level":"DEBUG","args":["[vite] connected."],"stack":null}
[2026-05-09T14:51:43.766Z] {"timestamp":1778338300989,"level":"DEBUG","args":["[Manus] Debug collector initialized (no rrweb, UI events only)"],"stack":null}
[2026-05-09T14:51:43.766Z] {"timestamp":1778338301620,"level":"DEBUG","args":["[vite] connected."],"stack":null}
[2026-05-09T14:51:46.763Z] {"timestamp":1778338304241,"level":"DEBUG","args":["[Manus] Debug collector initialized (no rrweb, UI events only)"],"stack":null}
[2026-05-09T14:51:46.763Z] {"timestamp":1778338305215,"level":"DEBUG","args":["[vite] connected."],"stack":null}
[2026-05-09T14:53:31.763Z] {"timestamp":1778338409019,"level":"DEBUG","args":["[Manus] Debug collector initialized (no rrweb, UI events only)"],"stack":null}
[2026-05-09T14:53:31.763Z] {"timestamp":1778338409459,"level":"DEBUG","args":["[vite] connected."],"stack":null}
[2026-05-09T14:53:35.771Z] {"timestamp":1778338412236,"level":"DEBUG","args":["[Manus] Debug collector initialized (no rrweb, UI events only)"],"stack":null}
[2026-05-09T14:53:35.771Z] {"timestamp":1778338412692,"level":"DEBUG","args":["[vite] connected."],"stack":null}
[2026-05-09T15:00:03.102Z] {"timestamp":1778338802456,"level":"LOG","args":["[vite] server connection lost. Polling for restart..."],"stack":null}
[2026-05-09T15:00:05.769Z] {"timestamp":1778338803641,"level":"DEBUG","args":["[Manus] Debug collector initialized (no rrweb, UI events only)"],"stack":null}
[2026-05-09T15:00:05.769Z] {"timestamp":1778338804099,"level":"DEBUG","args":["[vite] connected."],"stack":null}
[2026-05-09T15:10:18.137Z] {"timestamp":1778339415086,"level":"DEBUG","args":["[Manus] Debug collector initialized (no rrweb, UI events only)"],"stack":null}
[2026-05-09T15:10:18.137Z] {"timestamp":1778339415903,"level":"DEBUG","args":["[vite] connected."],"stack":null}
[2026-05-09T15:10:21.142Z] {"timestamp":1778339418524,"level":"DEBUG","args":["[Manus] Debug collector initialized (no rrweb, UI events only)"],"stack":null}
[2026-05-09T15:10:21.142Z] {"timestamp":1778339419372,"level":"DEBUG","args":["[vite] connected."],"stack":null}
[2026-05-09T15:13:13.144Z] {"timestamp":1778339590957,"level":"DEBUG","args":["[Manus] Debug collector initialized (no rrweb, UI events only)"],"stack":null}
[2026-05-09T15:13:13.144Z] {"timestamp":1778339591448,"level":"DEBUG","args":["[vite] connected."],"stack":null}
[2026-05-09T15:13:17.137Z] {"timestamp":1778339594428,"level":"DEBUG","args":["[Manus] Debug collector initialized (no rrweb, UI events only)"],"stack":null}
[2026-05-09T15:13:17.137Z] {"timestamp":1778339594892,"level":"DEBUG","args":["[vite] connected."],"stack":null}
[2026-05-09T15:13:26.140Z] {"timestamp":1778339603658,"level":"DEBUG","args":["[Manus] Debug collector initialized (no rrweb, UI events only)"],"stack":null}
[2026-05-09T15:13:26.140Z] {"timestamp":1778339604446,"level":"DEBUG","args":["[vite] connected."],"stack":null}
[2026-05-09T15:13:31.140Z] {"timestamp":1778339608172,"level":"DEBUG","args":["[Manus] Debug collector initialized (no rrweb, UI events only)"],"stack":null}
[2026-05-09T15:13:31.140Z] {"timestamp":1778339608621,"level":"DEBUG","args":["[vite] connected."],"stack":null}
[2026-05-09T15:13:37.139Z] {"timestamp":1778339614826,"level":"DEBUG","args":["[Manus] Debug collector initialized (no rrweb, UI events only)"],"stack":null}
[2026-05-09T15:13:37.139Z] {"timestamp":1778339615297,"level":"DEBUG","args":["[vite] connected."],"stack":null}
[2026-05-09T15:13:42.140Z] {"timestamp":1778339619606,"level":"DEBUG","args":["[Manus] Debug collector initialized (no rrweb, UI events only)"],"stack":null}
[2026-05-09T15:13:42.140Z] {"timestamp":1778339620069,"level":"DEBUG","args":["[vite] connected."],"stack":null}
[2026-05-09T15:19:02.067Z] {"timestamp":1778339940061,"level":"DEBUG","args":["[Manus] Debug collector initialized (no rrweb, UI events only)"],"stack":null}
[2026-05-09T15:19:02.067Z] {"timestamp":1778339940075,"level":"DEBUG","args":["[vite] connected."],"stack":null}
[2026-05-09T15:19:02.067Z] {"timestamp":1778339940313,"level":"INFO","args":["%cDownload the React DevTools for a better development experience: https://react.dev/link/react-devtools","font-weight:bold"],"stack":null}
[2026-05-09T15:19:29.722Z] {"timestamp":1778339967717,"level":"DEBUG","args":["[Manus] Debug collector initialized (no rrweb, UI events only)"],"stack":null}
[2026-05-09T15:19:29.722Z] {"timestamp":1778339967729,"level":"DEBUG","args":["[vite] connected."],"stack":null}
[2026-05-09T15:19:29.722Z] {"timestamp":1778339967936,"level":"INFO","args":["%cDownload the React DevTools for a better development experience: https://react.dev/link/react-devtools","font-weight:bold"],"stack":null}
[2026-05-09T15:22:14.138Z] {"timestamp":1778340131410,"level":"DEBUG","args":["[Manus] Debug collector initialized (no rrweb, UI events only)"],"stack":null}
[2026-05-09T15:22:14.138Z] {"timestamp":1778340132941,"level":"DEBUG","args":["[vite] connected."],"stack":null}
[2026-05-09T15:22:17.145Z] {"timestamp":1778340134944,"level":"DEBUG","args":["[Manus] Debug collector initialized (no rrweb, UI events only)"],"stack":null}
[2026-05-09T15:22:19.140Z] {"timestamp":1778340137566,"level":"DEBUG","args":["[vite] connected."],"stack":null}
[2026-05-09T15:29:47.703Z] {"timestamp":1778340583305,"level":"LOG","args":["[vite] server connection lost. Polling for restart..."],"stack":null}
[2026-05-09T15:34:22.423Z] {"timestamp":1778340588181,"level":"DEBUG","args":["[Manus] Debug collector initialized (no rrweb, UI events only)"],"stack":null}
[2026-05-09T15:34:22.423Z] {"timestamp":1778340853870,"level":"ERROR","args":["[API Query Error]",{"type":"Error","message":"Failed to fetch","stack":"TRPCClientError: Failed to fetch\n    at TRPCClientError2.from (https://3000-ibifq4wni0owex7zccsdz-bf74ea56.sg1.manus.computer/@fs/home/ubuntu/ai_geo_workbench/node_modules/.vite/deps/chunk-GIAR3RVC.js?v=a03cbc6e:2030:12)\n    at https://3000-ibifq4wni0owex7zccsdz-bf74ea56.sg1.manus.computer/@fs/home/ubuntu/ai_geo_workbench/node_modules/.vite/deps/chunk-GIAR3RVC.js?v=a03cbc6e:2432:42"}],"stack":"Error\n    at console.<computed> [as error] (https://3000-ibifq4wni0owex7zccsdz-bf74ea56.sg1.manus.computer/__manus__/debug-collector.js:391:37)\n    at https://3000-ibifq4wni0owex7zccsdz-bf74ea56.sg1.manus.computer/src/main.tsx?v=4EItmsUBqPHG9StjEBbEw:23:13\n    at https://3000-ibifq4wni0owex7zccsdz-bf74ea56.sg1.manus.computer/@fs/home/ubuntu/ai_geo_workbench/node_modules/.vite/deps/chunk-NCYC6RU2.js?v=a03cbc6e:2645:9\n    at Set.forEach (<anonymous>)\n    at https://3000-ibifq4wni0owex7zccsdz-bf74ea56.sg1.manus.computer/@fs/home/ubuntu/ai_geo_workbench/node_modules/.vite/deps/chunk-NCYC6RU2.js?v=a03cbc6e:2644:22\n    at Object.batch (https://3000-ibifq4wni0owex7zccsdz-bf74ea56.sg1.manus.computer/@fs/home/ubuntu/ai_geo_workbench/node_modules/.vite/deps/chunk-NCYC6RU2.js?v=a03cbc6e:606:18)\n    at QueryCache.notify (https://3000-ibifq4wni0owex7zccsdz-bf74ea56.sg1.manus.computer/@fs/home/ubuntu/ai_geo_workbench/node_modules/.vite/deps/chunk-NCYC6RU2.js?v=a03cbc6e:2643:19)\n    at https://3000-ibifq4wni0owex7zccsdz-bf74ea56.sg1.manus.computer/@fs/home/ubuntu/ai_geo_workbench/node_modules/.vite/deps/chunk-NCYC6RU2.js?v=a03cbc6e:1226:19\n    at Object.batch (https://3000-ibifq4wni0owex7zccsdz-bf74ea56.sg1.manus.computer/@fs/home/ubuntu/ai_geo_workbench/node_modules/.vite/deps/chunk-NCYC6RU2.js?v=a03cbc6e:606:18)\n    at #dispatch (https://3000-ibifq4wni0owex7zccsdz-bf74ea56.sg1.manus.computer/@fs/home/ubuntu/ai_geo_workbench/node_modules/.vite/deps/chunk-NCYC6RU2.js?v=a03cbc6e:1222:19)"}
[2026-05-09T15:34:22.423Z] {"timestamp":1778340853879,"level":"ERROR","args":["[vite] failed to connect to websocket.\nyour current setup:\n  (browser) 3000-ibifq4wni0owex7zccsdz-bf74ea56.sg1.manus.computer/ <--[HTTP]--> localhost:5173/ (server)\n  (browser) 3000-ibifq4wni0owex7zccsdz-bf74ea56.sg1.manus.computer:/ <--[WebSocket (failing)]--> localhost:5173/ (server)\nCheck out your Vite / network configuration and https://vite.dev/config/server-options.html#server-hmr ."],"stack":"Error\n    at console.<computed> [as error] (https://3000-ibifq4wni0owex7zccsdz-bf74ea56.sg1.manus.computer/__manus__/debug-collector.js:391:37)\n    at Object.connect (https://3000-ibifq4wni0owex7zccsdz-bf74ea56.sg1.manus.computer/@vite/client:765:16)\n    at async Object.connect (https://3000-ibifq4wni0owex7zccsdz-bf74ea56.sg1.manus.computer/@vite/client:381:5)"}
[2026-05-09T15:38:01.018Z] {"timestamp":1778341079007,"level":"DEBUG","args":["[Manus] Debug collector initialized (no rrweb, UI events only)"],"stack":null}
[2026-05-09T15:38:01.018Z] {"timestamp":1778341079157,"level":"DEBUG","args":["[vite] connected."],"stack":null}
[2026-05-09T15:38:01.018Z] {"timestamp":1778341079347,"level":"INFO","args":["%cDownload the React DevTools for a better development experience: https://react.dev/link/react-devtools","font-weight:bold"],"stack":null}
[2026-05-09T15:38:43.998Z] {"timestamp":1778341121070,"level":"DEBUG","args":["[Manus] Debug collector initialized (no rrweb, UI events only)"],"stack":null}
[2026-05-09T15:38:43.998Z] {"timestamp":1778341123685,"level":"DEBUG","args":["[vite] connected."],"stack":null}
[2026-05-09T15:38:47.868Z] {"timestamp":1778341125644,"level":"DEBUG","args":["[Manus] Debug collector initialized (no rrweb, UI events only)"],"stack":null}
[2026-05-09T15:38:47.868Z] {"timestamp":1778341126411,"level":"DEBUG","args":["[vite] connected."],"stack":null}
[2026-05-09T15:39:14.866Z] {"timestamp":1778341152164,"level":"DEBUG","args":["[Manus] Debug collector initialized (no rrweb, UI events only)"],"stack":null}
[2026-05-09T15:39:14.866Z] {"timestamp":1778341153295,"level":"DEBUG","args":["[vite] connected."],"stack":null}
[2026-05-09T15:39:17.865Z] {"timestamp":1778341155523,"level":"DEBUG","args":["[Manus] Debug collector initialized (no rrweb, UI events only)"],"stack":null}
[2026-05-09T15:39:17.865Z] {"timestamp":1778341156508,"level":"DEBUG","args":["[vite] connected."],"stack":null}
[2026-05-09T15:39:31.667Z] {"timestamp":1778341168795,"level":"LOG","args":["[vite] server connection lost. Polling for restart..."],"stack":null}
[2026-05-09T15:39:34.335Z] {"timestamp":1778341172205,"level":"DEBUG","args":["[Manus] Debug collector initialized (no rrweb, UI events only)"],"stack":null}
[2026-05-09T15:39:41.373Z] {"timestamp":1778341177110,"level":"ERROR","args":["[vite] failed to connect to websocket.\nyour current setup:\n  (browser) 3000-ibifq4wni0owex7zccsdz-bf74ea56.sg1.manus.computer/ <--[HTTP]--> localhost:5173/ (server)\n  (browser) 3000-ibifq4wni0owex7zccsdz-bf74ea56.sg1.manus.computer:/ <--[WebSocket (failing)]--> localhost:5173/ (server)\nCheck out your Vite / network configuration and https://vite.dev/config/server-options.html#server-hmr ."],"stack":"Error\n    at console.<computed> [as error] (https://3000-ibifq4wni0owex7zccsdz-bf74ea56.sg1.manus.computer/__manus__/debug-collector.js:391:37)\n    at Object.connect (https://3000-ibifq4wni0owex7zccsdz-bf74ea56.sg1.manus.computer/@vite/client:765:16)\n    at async Object.connect (https://3000-ibifq4wni0owex7zccsdz-bf74ea56.sg1.manus.computer/@vite/client:381:5)"}
[2026-05-09T15:40:02.671Z] {"timestamp":1778341199961,"level":"DEBUG","args":["[Manus] Debug collector initialized (no rrweb, UI events only)"],"stack":null}
[2026-05-09T15:40:02.671Z] {"timestamp":1778341201183,"level":"DEBUG","args":["[vite] connected."],"stack":null}
[2026-05-09T15:40:05.676Z] {"timestamp":1778341203354,"level":"DEBUG","args":["[Manus] Debug collector initialized (no rrweb, UI events only)"],"stack":null}
[2026-05-09T15:40:05.676Z] {"timestamp":1778341204535,"level":"DEBUG","args":["[vite] connected."],"stack":null}
[2026-05-09T15:45:05.112Z] {"timestamp":1778341501526,"level":"DEBUG","args":["[vite]","hot updated: /src/pages/V12FlowPages.tsx"],"stack":null}
[2026-05-09T15:45:05.112Z] {"timestamp":1778341501527,"level":"DEBUG","args":["[vite]","hot updated: /src/index.css"],"stack":null}
[2026-05-09T15:46:24.314Z] {"timestamp":1778341582309,"level":"DEBUG","args":["[Manus] Debug collector initialized (no rrweb, UI events only)"],"stack":null}
[2026-05-09T15:46:24.314Z] {"timestamp":1778341582326,"level":"DEBUG","args":["[vite] connected."],"stack":null}
[2026-05-09T15:46:24.314Z] {"timestamp":1778341582538,"level":"INFO","args":["%cDownload the React DevTools for a better development experience: https://react.dev/link/react-devtools","font-weight:bold"],"stack":null}
[2026-05-09T15:58:31.076Z] {"timestamp":1778342309191,"level":"LOG","args":["[vite] server connection lost. Polling for restart..."],"stack":null}
[2026-05-09T15:58:34.189Z] {"timestamp":1778342312051,"level":"DEBUG","args":["[Manus] Debug collector initialized (no rrweb, UI events only)"],"stack":null}
[2026-05-09T15:58:34.189Z] {"timestamp":1778342313286,"level":"DEBUG","args":["[vite] connected."],"stack":null}
[2026-05-09T16:26:04.483Z] {"timestamp":1778343963298,"level":"LOG","args":["[vite] server connection lost. Polling for restart..."],"stack":null}
[2026-05-09T16:26:07.498Z] {"timestamp":1778343965373,"level":"DEBUG","args":["[Manus] Debug collector initialized (no rrweb, UI events only)"],"stack":null}
[2026-05-09T16:26:07.498Z] {"timestamp":1778343965832,"level":"DEBUG","args":["[vite] connected."],"stack":null}
[2026-05-09T16:45:54.667Z] {"timestamp":1778345152855,"level":"LOG","args":["[vite] server connection lost. Polling for restart..."],"stack":null}
[2026-05-10T01:24:13.460Z] {"timestamp":1778376251040,"level":"LOG","args":["[vite] server connection lost. Polling for restart..."],"stack":null}
[2026-05-10T01:24:16.126Z] {"timestamp":1778376254113,"level":"DEBUG","args":["[Manus] Debug collector initialized (no rrweb, UI events only)"],"stack":null}
[2026-05-10T01:24:16.126Z] {"timestamp":1778376254179,"level":"DEBUG","args":["[vite] connected."],"stack":null}
[2026-05-10T01:24:16.126Z] {"timestamp":1778376254548,"level":"INFO","args":["%cDownload the React DevTools for a better development experience: https://react.dev/link/react-devtools","font-weight:bold"],"stack":null}
[2026-05-10T01:24:18.885Z] {"timestamp":1778376256685,"level":"DEBUG","args":["[Manus] Debug collector initialized (no rrweb, UI events only)"],"stack":null}
[2026-05-10T01:24:18.885Z] {"timestamp":1778376257464,"level":"DEBUG","args":["[vite] connected."],"stack":null}
[2026-05-10T01:24:29.155Z] {"timestamp":1778376266863,"level":"DEBUG","args":["[Manus] Debug collector initialized (no rrweb, UI events only)"],"stack":null}
[2026-05-10T01:24:29.155Z] {"timestamp":1778376267331,"level":"DEBUG","args":["[vite] connected."],"stack":null}
[2026-05-10T01:24:33.158Z] {"timestamp":1778376270346,"level":"DEBUG","args":["[Manus] Debug collector initialized (no rrweb, UI events only)"],"stack":null}
[2026-05-10T01:24:33.158Z] {"timestamp":1778376270836,"level":"DEBUG","args":["[vite] connected."],"stack":null}
[2026-05-10T01:24:51.308Z] {"timestamp":1778376289189,"level":"DEBUG","args":["[Manus] Debug collector initialized (no rrweb, UI events only)"],"stack":null}
[2026-05-10T01:24:51.308Z] {"timestamp":1778376289712,"level":"DEBUG","args":["[vite] connected."],"stack":null}
[2026-05-10T01:24:56.139Z] {"timestamp":1778376294019,"level":"DEBUG","args":["[Manus] Debug collector initialized (no rrweb, UI events only)"],"stack":null}
[2026-05-10T01:24:56.139Z] {"timestamp":1778376294467,"level":"DEBUG","args":["[vite] connected."],"stack":null}
[2026-05-10T01:24:59.289Z] {"timestamp":1778376297170,"level":"DEBUG","args":["[Manus] Debug collector initialized (no rrweb, UI events only)"],"stack":null}
[2026-05-10T01:24:59.290Z] {"timestamp":1778376297600,"level":"DEBUG","args":["[vite] connected."],"stack":null}
[2026-05-10T01:25:25.878Z] {"timestamp":1778376323874,"level":"DEBUG","args":["[Manus] Debug collector initialized (no rrweb, UI events only)"],"stack":null}
[2026-05-10T01:25:25.878Z] {"timestamp":1778376323889,"level":"DEBUG","args":["[vite] connected."],"stack":null}
[2026-05-10T01:25:25.878Z] {"timestamp":1778376324067,"level":"INFO","args":["%cDownload the React DevTools for a better development experience: https://react.dev/link/react-devtools","font-weight:bold"],"stack":null}
[2026-05-10T01:35:36.158Z] {"timestamp":1778376933417,"level":"DEBUG","args":["[Manus] Debug collector initialized (no rrweb, UI events only)"],"stack":null}
[2026-05-10T01:35:36.158Z] {"timestamp":1778376933862,"level":"DEBUG","args":["[vite] connected."],"stack":null}
[2026-05-10T01:40:06.579Z] {"timestamp":1778377205775,"level":"LOG","args":["[vite] server connection lost. Polling for restart..."],"stack":null}
[2026-05-10T01:40:09.193Z] {"timestamp":1778377207067,"level":"DEBUG","args":["[Manus] Debug collector initialized (no rrweb, UI events only)"],"stack":null}
[2026-05-10T01:40:09.193Z] {"timestamp":1778377207513,"level":"DEBUG","args":["[vite] connected."],"stack":null}
[2026-05-10T01:47:48.952Z] {"timestamp":1778377668444,"level":"LOG","args":["[vite] server connection lost. Polling for restart..."],"stack":null}
[2026-05-10T01:47:51.712Z] {"timestamp":1778377669590,"level":"DEBUG","args":["[Manus] Debug collector initialized (no rrweb, UI events only)"],"stack":null}
[2026-05-10T01:47:51.712Z] {"timestamp":1778377670017,"level":"DEBUG","args":["[vite] connected."],"stack":null}
[2026-05-10T01:56:19.508Z] {"timestamp":1778378178411,"level":"LOG","args":["[vite] server connection lost. Polling for restart..."],"stack":null}
[2026-05-10T01:56:22.190Z] {"timestamp":1778378180060,"level":"DEBUG","args":["[Manus] Debug collector initialized (no rrweb, UI events only)"],"stack":null}
[2026-05-10T01:56:22.190Z] {"timestamp":1778378180502,"level":"DEBUG","args":["[vite] connected."],"stack":null}
[2026-05-10T02:00:42.067Z] {"timestamp":1778378439534,"level":"ERROR","args":["[API Query Error]",{"type":"Error","message":"Failed to fetch","stack":"TRPCClientError: Failed to fetch\n    at TRPCClientError2.from (https://3000-ibifq4wni0owex7zccsdz-bf74ea56.sg1.manus.computer/@fs/home/ubuntu/ai_geo_workbench/node_modules/.vite/deps/chunk-GIAR3RVC.js?v=a03cbc6e:2030:12)\n    at https://3000-ibifq4wni0owex7zccsdz-bf74ea56.sg1.manus.computer/@fs/home/ubuntu/ai_geo_workbench/node_modules/.vite/deps/chunk-GIAR3RVC.js?v=a03cbc6e:2432:42"}],"stack":"Error\n    at console.<computed> [as error] (https://3000-ibifq4wni0owex7zccsdz-bf74ea56.sg1.manus.computer/__manus__/debug-collector.js:391:37)\n    at https://3000-ibifq4wni0owex7zccsdz-bf74ea56.sg1.manus.computer/src/main.tsx?v=vO43SHz_0i7aOeeyvd-Eo:23:13\n    at https://3000-ibifq4wni0owex7zccsdz-bf74ea56.sg1.manus.computer/@fs/home/ubuntu/ai_geo_workbench/node_modules/.vite/deps/chunk-NCYC6RU2.js?v=a03cbc6e:2645:9\n    at Set.forEach (<anonymous>)\n    at https://3000-ibifq4wni0owex7zccsdz-bf74ea56.sg1.manus.computer/@fs/home/ubuntu/ai_geo_workbench/node_modules/.vite/deps/chunk-NCYC6RU2.js?v=a03cbc6e:2644:22\n    at Object.batch (https://3000-ibifq4wni0owex7zccsdz-bf74ea56.sg1.manus.computer/@fs/home/ubuntu/ai_geo_workbench/node_modules/.vite/deps/chunk-NCYC6RU2.js?v=a03cbc6e:606:18)\n    at QueryCache.notify (https://3000-ibifq4wni0owex7zccsdz-bf74ea56.sg1.manus.computer/@fs/home/ubuntu/ai_geo_workbench/node_modules/.vite/deps/chunk-NCYC6RU2.js?v=a03cbc6e:2643:19)\n    at https://3000-ibifq4wni0owex7zccsdz-bf74ea56.sg1.manus.computer/@fs/home/ubuntu/ai_geo_workbench/node_modules/.vite/deps/chunk-NCYC6RU2.js?v=a03cbc6e:1226:19\n    at Object.batch (https://3000-ibifq4wni0owex7zccsdz-bf74ea56.sg1.manus.computer/@fs/home/ubuntu/ai_geo_workbench/node_modules/.vite/deps/chunk-NCYC6RU2.js?v=a03cbc6e:606:18)\n    at #dispatch (https://3000-ibifq4wni0owex7zccsdz-bf74ea56.sg1.manus.computer/@fs/home/ubuntu/ai_geo_workbench/node_modules/.vite/deps/chunk-NCYC6RU2.js?v=a03cbc6e:1222:19)"}
[2026-05-10T02:00:48.004Z] {"timestamp":1778378445875,"level":"DEBUG","args":["[Manus] Debug collector initialized (no rrweb, UI events only)"],"stack":null}
[2026-05-10T02:00:48.004Z] {"timestamp":1778378446315,"level":"DEBUG","args":["[vite] connected."],"stack":null}
[2026-05-10T02:19:00.343Z] {"timestamp":1778379538214,"level":"DEBUG","args":["[Manus] Debug collector initialized (no rrweb, UI events only)"],"stack":null}
[2026-05-10T02:19:00.343Z] {"timestamp":1778379538984,"level":"DEBUG","args":["[vite] connected."],"stack":null}
[2026-05-10T02:28:02.583Z] {"timestamp":1778380081710,"level":"LOG","args":["[vite] server connection lost. Polling for restart..."],"stack":null}
[2026-05-10T02:28:05.230Z] {"timestamp":1778380083101,"level":"DEBUG","args":["[Manus] Debug collector initialized (no rrweb, UI events only)"],"stack":null}
[2026-05-10T02:28:05.230Z] {"timestamp":1778380083549,"level":"DEBUG","args":["[vite] connected."],"stack":null}
[2026-05-10T02:45:41.613Z] {"timestamp":1778381139486,"level":"DEBUG","args":["[Manus] Debug collector initialized (no rrweb, UI events only)"],"stack":null}
[2026-05-10T02:45:41.613Z] {"timestamp":1778381139956,"level":"DEBUG","args":["[vite] connected."],"stack":null}
[2026-05-10T03:03:44.141Z] {"timestamp":1778382222021,"level":"DEBUG","args":["[Manus] Debug collector initialized (no rrweb, UI events only)"],"stack":null}
[2026-05-10T03:03:44.141Z] {"timestamp":1778382222456,"level":"DEBUG","args":["[vite] connected."],"stack":null}
[2026-05-10T03:15:06.997Z] {"timestamp":1778382904879,"level":"DEBUG","args":["[Manus] Debug collector initialized (no rrweb, UI events only)"],"stack":null}
[2026-05-10T03:15:06.997Z] {"timestamp":1778382905325,"level":"DEBUG","args":["[vite] connected."],"stack":null}
[2026-05-11T04:13:05.520Z] {"timestamp":1778382909541,"level":"LOG","args":["[vite] server connection lost. Polling for restart..."],"stack":null}
[2026-05-11T04:13:09.246Z] {"timestamp":1778472785783,"level":"DEBUG","args":["[Manus] Debug collector initialized (no rrweb, UI events only)"],"stack":null}
[2026-05-11T04:13:09.246Z] {"timestamp":1778472785813,"level":"DEBUG","args":["[vite] connected."],"stack":null}
[2026-05-11T04:13:09.246Z] {"timestamp":1778472786046,"level":"INFO","args":["%cDownload the React DevTools for a better development experience: https://react.dev/link/react-devtools","font-weight:bold"],"stack":null}
[2026-05-11T04:13:11.363Z] {"timestamp":1778472789199,"level":"DEBUG","args":["[Manus] Debug collector initialized (no rrweb, UI events only)"],"stack":null}
[2026-05-11T04:13:15.366Z] {"timestamp":1778472794368,"level":"DEBUG","args":["[vite] connected."],"stack":null}
[2026-05-11T04:25:02.500Z] {"timestamp":1778473500277,"level":"DEBUG","args":["[Manus] Debug collector initialized (no rrweb, UI events only)"],"stack":null}
[2026-05-11T04:25:02.500Z] {"timestamp":1778473500741,"level":"DEBUG","args":["[vite] connected."],"stack":null}
[2026-05-11T04:25:04.736Z] {"timestamp":1778473502722,"level":"DEBUG","args":["[Manus] Debug collector initialized (no rrweb, UI events only)"],"stack":null}
[2026-05-11T04:25:04.736Z] {"timestamp":1778473502762,"level":"DEBUG","args":["[vite] connected."],"stack":null}
[2026-05-11T04:25:04.736Z] {"timestamp":1778473502972,"level":"INFO","args":["%cDownload the React DevTools for a better development experience: https://react.dev/link/react-devtools","font-weight:bold"],"stack":null}
[2026-05-11T04:25:06.124Z] {"timestamp":1778473503164,"level":"DEBUG","args":["[Manus] Debug collector initialized (no rrweb, UI events only)"],"stack":null}
[2026-05-11T04:25:06.124Z] {"timestamp":1778473503644,"level":"DEBUG","args":["[vite] connected."],"stack":null}
[2026-05-11T04:25:09.121Z] {"timestamp":1778473506886,"level":"DEBUG","args":["[Manus] Debug collector initialized (no rrweb, UI events only)"],"stack":null}
[2026-05-11T04:25:09.121Z] {"timestamp":1778473507370,"level":"DEBUG","args":["[vite] connected."],"stack":null}
[2026-05-11T04:29:55.423Z] {"timestamp":1778473793141,"level":"LOG","args":["[vite] server connection lost. Polling for restart..."],"stack":null}
[2026-05-11T04:29:57.156Z] {"timestamp":1778473793119,"level":"LOG","args":["[vite] server connection lost. Polling for restart..."],"stack":null}
[2026-05-11T04:30:00.353Z] {"timestamp":1778473798337,"level":"DEBUG","args":["[Manus] Debug collector initialized (no rrweb, UI events only)"],"stack":null}
[2026-05-11T04:30:00.353Z] {"timestamp":1778473798462,"level":"DEBUG","args":["[vite] connected."],"stack":null}
[2026-05-11T04:30:00.353Z] {"timestamp":1778473798756,"level":"INFO","args":["%cDownload the React DevTools for a better development experience: https://react.dev/link/react-devtools","font-weight:bold"],"stack":null}
[2026-05-11T04:30:01.118Z] {"timestamp":1778473798762,"level":"DEBUG","args":["[Manus] Debug collector initialized (no rrweb, UI events only)"],"stack":null}
[2026-05-11T04:30:01.119Z] {"timestamp":1778473799228,"level":"DEBUG","args":["[vite] connected."],"stack":null}
[2026-05-11T04:30:05.117Z] {"timestamp":1778473802045,"level":"DEBUG","args":["[Manus] Debug collector initialized (no rrweb, UI events only)"],"stack":null}
[2026-05-11T04:30:05.117Z] {"timestamp":1778473802525,"level":"DEBUG","args":["[vite] connected."],"stack":null}
[2026-05-11T04:30:20.264Z] {"timestamp":1778473818242,"level":"DEBUG","args":["[Manus] Debug collector initialized (no rrweb, UI events only)"],"stack":null}
[2026-05-11T04:30:20.264Z] {"timestamp":1778473818273,"level":"DEBUG","args":["[vite] connected."],"stack":null}
[2026-05-11T04:30:20.264Z] {"timestamp":1778473818671,"level":"INFO","args":["%cDownload the React DevTools for a better development experience: https://react.dev/link/react-devtools","font-weight:bold"],"stack":null}
[2026-05-11T04:30:21.118Z] {"timestamp":1778473818669,"level":"DEBUG","args":["[Manus] Debug collector initialized (no rrweb, UI events only)"],"stack":null}
[2026-05-11T04:30:21.118Z] {"timestamp":1778473819143,"level":"DEBUG","args":["[vite] connected."],"stack":null}
[2026-05-11T04:30:24.123Z] {"timestamp":1778473821944,"level":"DEBUG","args":["[Manus] Debug collector initialized (no rrweb, UI events only)"],"stack":null}
[2026-05-11T04:30:24.123Z] {"timestamp":1778473822427,"level":"DEBUG","args":["[vite] connected."],"stack":null}
[2026-05-11T04:33:53.208Z] {"timestamp":1778474028839,"level":"LOG","args":["[vite] server connection lost. Polling for restart..."],"stack":null}
[2026-05-11T04:33:56.414Z] {"timestamp":1778474034398,"level":"DEBUG","args":["[Manus] Debug collector initialized (no rrweb, UI events only)"],"stack":null}
[2026-05-11T04:33:56.414Z] {"timestamp":1778474034531,"level":"DEBUG","args":["[vite] connected."],"stack":null}
[2026-05-11T04:33:56.414Z] {"timestamp":1778474034844,"level":"INFO","args":["%cDownload the React DevTools for a better development experience: https://react.dev/link/react-devtools","font-weight:bold"],"stack":null}
[2026-05-11T04:34:01.510Z] {"timestamp":1778474037074,"level":"LOG","args":["[vite] server connection lost. Polling for restart..."],"stack":null}
[2026-05-11T04:34:01.510Z] {"timestamp":1778474037082,"level":"ERROR","args":["[API Query Error]",{"type":"Error","message":"Unexpected token '<', \"<!doctype \"... is not valid JSON","stack":"TRPCClientError: Unexpected token '<', \"<!doctype \"... is not valid JSON\n    at TRPCClientError2.from (https://3000-ibifq4wni0owex7zccsdz-bf74ea56.sg1.manus.computer/@fs/home/ubuntu/ai_geo_workbench/node_modules/.vite/deps/chunk-GIAR3RVC.js?v=a03cbc6e:2030:12)\n    at https://3000-ibifq4wni0owex7zccsdz-bf74ea56.sg1.manus.computer/@fs/home/ubuntu/ai_geo_workbench/node_modules/.vite/deps/chunk-GIAR3RVC.js?v=a03cbc6e:2432:42"}],"stack":"Error\n    at console.<computed> [as error] (https://3000-ibifq4wni0owex7zccsdz-bf74ea56.sg1.manus.computer/__manus__/debug-collector.js:391:37)\n    at https://3000-ibifq4wni0owex7zccsdz-bf74ea56.sg1.manus.computer/src/main.tsx?v=9NUH91w5Ml6uO7jndrJ8c:23:13\n    at https://3000-ibifq4wni0owex7zccsdz-bf74ea56.sg1.manus.computer/@fs/home/ubuntu/ai_geo_workbench/node_modules/.vite/deps/chunk-NCYC6RU2.js?v=a03cbc6e:2645:9\n    at Set.forEach (<anonymous>)\n    at https://3000-ibifq4wni0owex7zccsdz-bf74ea56.sg1.manus.computer/@fs/home/ubuntu/ai_geo_workbench/node_modules/.vite/deps/chunk-NCYC6RU2.js?v=a03cbc6e:2644:22\n    at Object.batch (https://3000-ibifq4wni0owex7zccsdz-bf74ea56.sg1.manus.computer/@fs/home/ubuntu/ai_geo_workbench/node_modules/.vite/deps/chunk-NCYC6RU2.js?v=a03cbc6e:606:18)\n    at QueryCache.notify (https://3000-ibifq4wni0owex7zccsdz-bf74ea56.sg1.manus.computer/@fs/home/ubuntu/ai_geo_workbench/node_modules/.vite/deps/chunk-NCYC6RU2.js?v=a03cbc6e:2643:19)\n    at https://3000-ibifq4wni0owex7zccsdz-bf74ea56.sg1.manus.computer/@fs/home/ubuntu/ai_geo_workbench/node_modules/.vite/deps/chunk-NCYC6RU2.js?v=a03cbc6e:1226:19\n    at Object.batch (https://3000-ibifq4wni0owex7zccsdz-bf74ea56.sg1.manus.computer/@fs/home/ubuntu/ai_geo_workbench/node_modules/.vite/deps/chunk-NCYC6RU2.js?v=a03cbc6e:606:18)\n    at #dispatch (https://3000-ibifq4wni0owex7zccsdz-bf74ea56.sg1.manus.computer/@fs/home/ubuntu/ai_geo_workbench/node_modules/.vite/deps/chunk-NCYC6RU2.js?v=a03cbc6e:1222:19)"}
[2026-05-11T04:34:04.630Z] {"timestamp":1778474042615,"level":"DEBUG","args":["[Manus] Debug collector initialized (no rrweb, UI events only)"],"stack":null}
[2026-05-11T04:34:04.630Z] {"timestamp":1778474042950,"level":"DEBUG","args":["[vite] connected."],"stack":null}
[2026-05-11T04:34:04.630Z] {"timestamp":1778474043195,"level":"INFO","args":["%cDownload the React DevTools for a better development experience: https://react.dev/link/react-devtools","font-weight:bold"],"stack":null}
[2026-05-11T04:34:09.120Z] {"timestamp":1778474046095,"level":"DEBUG","args":["[Manus] Debug collector initialized (no rrweb, UI events only)"],"stack":null}
[2026-05-11T04:34:09.120Z] {"timestamp":1778474046631,"level":"DEBUG","args":["[vite] connected."],"stack":null}
[2026-05-11T04:58:03.121Z] {"timestamp":1778475481896,"level":"DEBUG","args":["[vite]","hot updated: /src/pages/AssetCenter.tsx"],"stack":null}
[2026-05-11T04:58:03.121Z] {"timestamp":1778475481896,"level":"DEBUG","args":["[vite]","hot updated: /src/index.css"],"stack":null}
[2026-05-11T04:58:05.107Z] {"timestamp":1778475481439,"level":"DEBUG","args":["[vite]","hot updated: /src/pages/AssetCenter.tsx"],"stack":null}
[2026-05-11T04:58:05.107Z] {"timestamp":1778475481440,"level":"DEBUG","args":["[vite]","hot updated: /src/index.css"],"stack":null}
[2026-05-11T04:58:11.268Z] {"timestamp":1778475489101,"level":"DEBUG","args":["[Manus] Debug collector initialized (no rrweb, UI events only)"],"stack":null}
[2026-05-11T04:58:11.268Z] {"timestamp":1778475489603,"level":"DEBUG","args":["[vite] connected."],"stack":null}
[2026-05-11T04:58:19.251Z] {"timestamp":1778475495657,"level":"DEBUG","args":["[vite]","hot updated: /src/pages/AssetCenter.tsx"],"stack":null}
[2026-05-11T04:58:19.251Z] {"timestamp":1778475495661,"level":"DEBUG","args":["[vite]","hot updated: /src/index.css"],"stack":null}
[2026-05-11T04:58:43.331Z] {"timestamp":1778475521308,"level":"DEBUG","args":["[Manus] Debug collector initialized (no rrweb, UI events only)"],"stack":null}
[2026-05-11T04:58:43.331Z] {"timestamp":1778475521648,"level":"DEBUG","args":["[vite] connected."],"stack":null}
[2026-05-11T04:58:43.331Z] {"timestamp":1778475521887,"level":"INFO","args":["%cDownload the React DevTools for a better development experience: https://react.dev/link/react-devtools","font-weight:bold"],"stack":null}
[2026-05-11T04:58:57.763Z] {"timestamp":1778475532167,"level":"LOG","args":["[vite] server connection lost. Polling for restart..."],"stack":null}
[2026-05-11T04:59:00.337Z] {"timestamp":1778475538323,"level":"DEBUG","args":["[Manus] Debug collector initialized (no rrweb, UI events only)"],"stack":null}
[2026-05-11T04:59:00.337Z] {"timestamp":1778475539423,"level":"DEBUG","args":["[vite] connected."],"stack":null}
[2026-05-11T04:59:00.337Z] {"timestamp":1778475539780,"level":"INFO","args":["%cDownload the React DevTools for a better development experience: https://react.dev/link/react-devtools","font-weight:bold"],"stack":null}
[2026-05-11T04:59:11.710Z] {"timestamp":1778475549544,"level":"DEBUG","args":["[Manus] Debug collector initialized (no rrweb, UI events only)"],"stack":null}
[2026-05-11T04:59:11.710Z] {"timestamp":1778475550014,"level":"DEBUG","args":["[vite] connected."],"stack":null}
[2026-05-11T05:00:48.881Z] {"timestamp":1778475644785,"level":"LOG","args":["[vite] server connection lost. Polling for restart..."],"stack":null}
[2026-05-11T05:00:52.520Z] {"timestamp":1778475650507,"level":"DEBUG","args":["[Manus] Debug collector initialized (no rrweb, UI events only)"],"stack":null}
[2026-05-11T05:00:52.521Z] {"timestamp":1778475650685,"level":"DEBUG","args":["[vite] connected."],"stack":null}
[2026-05-11T05:00:52.521Z] {"timestamp":1778475650911,"level":"INFO","args":["%cDownload the React DevTools for a better development experience: https://react.dev/link/react-devtools","font-weight:bold"],"stack":null}
[2026-05-11T05:01:12.801Z] {"timestamp":1778475669240,"level":"DEBUG","args":["[vite]","invalidate /src/pages/GeoPages.tsx: Could not Fast Refresh (\"buildPublishCheckSummary\" export is incompatible). Learn more at https://github.com/vitejs/vite-plugin-react/tree/main/packages/plugin-react#consistent-components-exports"],"stack":null}
[2026-05-11T05:01:12.802Z] {"timestamp":1778475669243,"level":"DEBUG","args":["[vite]","hot updated: /src/pages/GeoPages.tsx"],"stack":null}
[2026-05-11T05:01:12.802Z] {"timestamp":1778475669244,"level":"DEBUG","args":["[vite]","hot updated: /src/index.css"],"stack":null}
[2026-05-11T05:01:12.802Z] {"timestamp":1778475669631,"level":"DEBUG","args":["[vite]","hot updated: /src/App.tsx"],"stack":null}
[2026-05-11T05:01:23.411Z] {"timestamp":1778475680067,"level":"DEBUG","args":["[vite]","invalidate /src/pages/GeoPages.tsx: Could not Fast Refresh (\"buildPublishCheckSummary\" export is incompatible). Learn more at https://github.com/vitejs/vite-plugin-react/tree/main/packages/plugin-react#consistent-components-exports"],"stack":null}
[2026-05-11T05:01:23.411Z] {"timestamp":1778475680069,"level":"DEBUG","args":["[vite]","hot updated: /src/pages/GeoPages.tsx"],"stack":null}
[2026-05-11T05:01:23.411Z] {"timestamp":1778475680069,"level":"DEBUG","args":["[vite]","hot updated: /src/index.css"],"stack":null}
[2026-05-11T05:01:23.411Z] {"timestamp":1778475680122,"level":"DEBUG","args":["[vite]","hot updated: /src/App.tsx"],"stack":null}
[2026-05-11T05:04:21.372Z] {"timestamp":1778475854853,"level":"LOG","args":["[vite] server connection lost. Polling for restart..."],"stack":null}
[2026-05-11T05:04:24.050Z] {"timestamp":1778475862036,"level":"DEBUG","args":["[Manus] Debug collector initialized (no rrweb, UI events only)"],"stack":null}
[2026-05-11T05:04:24.050Z] {"timestamp":1778475863300,"level":"DEBUG","args":["[vite] connected."],"stack":null}
[2026-05-11T05:04:24.050Z] {"timestamp":1778475863653,"level":"INFO","args":["%cDownload the React DevTools for a better development experience: https://react.dev/link/react-devtools","font-weight:bold"],"stack":null}
[2026-05-11T05:05:24.058Z] {"timestamp":1778475923131,"level":"DEBUG","args":["[vite]","invalidate /src/pages/GeoPages.tsx: Could not Fast Refresh (\"buildPublishCheckSummary\" export is incompatible). Learn more at https://github.com/vitejs/vite-plugin-react/tree/main/packages/plugin-react#consistent-components-exports"],"stack":null}
[2026-05-11T05:05:24.058Z] {"timestamp":1778475923133,"level":"DEBUG","args":["[vite]","hot updated: /src/pages/GeoPages.tsx"],"stack":null}
[2026-05-11T05:05:24.058Z] {"timestamp":1778475923133,"level":"DEBUG","args":["[vite]","hot updated: /src/index.css"],"stack":null}
[2026-05-11T05:05:24.058Z] {"timestamp":1778475923193,"level":"DEBUG","args":["[vite]","hot updated: /src/App.tsx"],"stack":null}
[2026-05-11T05:08:51.935Z] {"timestamp":1778476128071,"level":"DEBUG","args":["[vite]","hot updated: /src/pages/AssetCenter.tsx"],"stack":null}
[2026-05-11T05:08:51.935Z] {"timestamp":1778476128072,"level":"DEBUG","args":["[vite]","hot updated: /src/index.css"],"stack":null}
[2026-05-11T05:09:30.416Z] {"timestamp":1778476166661,"level":"DEBUG","args":["[vite]","invalidate /src/pages/GeoPages.tsx: Could not Fast Refresh (new export)"],"stack":null}
[2026-05-11T05:09:30.416Z] {"timestamp":1778476166663,"level":"DEBUG","args":["[vite]","hot updated: /src/pages/GeoPages.tsx"],"stack":null}
[2026-05-11T05:09:30.416Z] {"timestamp":1778476166664,"level":"DEBUG","args":["[vite]","hot updated: /src/index.css"],"stack":null}
[2026-05-11T05:09:30.416Z] {"timestamp":1778476166713,"level":"DEBUG","args":["[vite]","hot updated: /src/App.tsx"],"stack":null}
[2026-05-11T05:13:17.780Z] {"timestamp":1778476394132,"level":"DEBUG","args":["[vite]","hot updated: /src/pages/AssetCenter.tsx"],"stack":null}
[2026-05-11T05:13:17.780Z] {"timestamp":1778476394133,"level":"DEBUG","args":["[vite]","hot updated: /src/index.css"],"stack":null}
[2026-05-11T05:14:40.548Z] {"timestamp":1778476478542,"level":"DEBUG","args":["[Manus] Debug collector initialized (no rrweb, UI events only)"],"stack":null}
[2026-05-11T05:14:40.548Z] {"timestamp":1778476478552,"level":"DEBUG","args":["[vite] connected."],"stack":null}
[2026-05-11T05:14:40.548Z] {"timestamp":1778476478783,"level":"INFO","args":["%cDownload the React DevTools for a better development experience: https://react.dev/link/react-devtools","font-weight:bold"],"stack":null}
[2026-05-11T05:14:42.527Z] {"timestamp":1778476480372,"level":"DEBUG","args":["[Manus] Debug collector initialized (no rrweb, UI events only)"],"stack":null}
[2026-05-11T05:14:42.527Z] {"timestamp":1778476480846,"level":"DEBUG","args":["[vite] connected."],"stack":null}
[2026-05-11T05:15:23.267Z] {"timestamp":1778476521262,"level":"DEBUG","args":["[Manus] Debug collector initialized (no rrweb, UI events only)"],"stack":null}
[2026-05-11T05:15:23.267Z] {"timestamp":1778476521277,"level":"DEBUG","args":["[vite] connected."],"stack":null}
[2026-05-11T05:15:23.267Z] {"timestamp":1778476521485,"level":"INFO","args":["%cDownload the React DevTools for a better development experience: https://react.dev/link/react-devtools","font-weight:bold"],"stack":null}
[2026-05-11T05:19:38.442Z] {"timestamp":1778476776827,"level":"LOG","args":["[vite] server connection lost. Polling for restart..."],"stack":null}
[2026-05-11T05:19:55.981Z] {"timestamp":1778476793835,"level":"DEBUG","args":["[Manus] Debug collector initialized (no rrweb, UI events only)"],"stack":null}
[2026-05-11T05:19:55.981Z] {"timestamp":1778476794596,"level":"DEBUG","args":["[vite] connected."],"stack":null}
[2026-05-11T05:24:40.034Z] {"timestamp":1778477077896,"level":"DEBUG","args":["[Manus] Debug collector initialized (no rrweb, UI events only)"],"stack":null}
[2026-05-11T05:24:40.034Z] {"timestamp":1778477078365,"level":"DEBUG","args":["[vite] connected."],"stack":null}
[2026-05-11T05:32:47.417Z] {"timestamp":1778477565278,"level":"DEBUG","args":["[Manus] Debug collector initialized (no rrweb, UI events only)"],"stack":null}
[2026-05-11T05:32:47.417Z] {"timestamp":1778477566840,"level":"DEBUG","args":["[vite] connected."],"stack":null}
[2026-05-11T05:49:18.560Z] {"timestamp":1778478557759,"level":"LOG","args":["[vite] server connection lost. Polling for restart..."],"stack":null}
[2026-05-11T05:49:21.281Z] {"timestamp":1778478559145,"level":"DEBUG","args":["[Manus] Debug collector initialized (no rrweb, UI events only)"],"stack":null}
[2026-05-11T05:49:21.281Z] {"timestamp":1778478559631,"level":"DEBUG","args":["[vite] connected."],"stack":null}
[2026-05-11T05:57:50.315Z] {"timestamp":1778479068180,"level":"DEBUG","args":["[Manus] Debug collector initialized (no rrweb, UI events only)"],"stack":null}
[2026-05-11T05:57:50.315Z] {"timestamp":1778479068813,"level":"DEBUG","args":["[vite] connected."],"stack":null}
[2026-05-11T05:58:14.332Z] {"timestamp":1778479092196,"level":"DEBUG","args":["[Manus] Debug collector initialized (no rrweb, UI events only)"],"stack":null}
[2026-05-11T05:58:14.332Z] {"timestamp":1778479092661,"level":"DEBUG","args":["[vite] connected."],"stack":null}
[2026-05-11T06:16:06.690Z] {"timestamp":1778480164558,"level":"DEBUG","args":["[Manus] Debug collector initialized (no rrweb, UI events only)"],"stack":null}
[2026-05-11T06:16:06.690Z] {"timestamp":1778480165034,"level":"DEBUG","args":["[vite] connected."],"stack":null}
[2026-05-11T06:59:20.066Z] {"timestamp":1778482759636,"level":"LOG","args":["[vite] server connection lost. Polling for restart..."],"stack":null}
[2026-05-11T06:59:22.545Z] {"timestamp":1778482760526,"level":"DEBUG","args":["[Manus] Debug collector initialized (no rrweb, UI events only)"],"stack":null}
[2026-05-11T06:59:22.545Z] {"timestamp":1778482760599,"level":"DEBUG","args":["[vite] connected."],"stack":null}
[2026-05-11T06:59:22.545Z] {"timestamp":1778482761167,"level":"INFO","args":["%cDownload the React DevTools for a better development experience: https://react.dev/link/react-devtools","font-weight:bold"],"stack":null}
[2026-05-11T06:59:23.027Z] {"timestamp":1778482761061,"level":"DEBUG","args":["[Manus] Debug collector initialized (no rrweb, UI events only)"],"stack":null}
[2026-05-11T06:59:27.188Z] {"timestamp":1778482765822,"level":"DEBUG","args":["[vite] connected."],"stack":null}
[2026-05-11T07:36:00.436Z] {"timestamp":1778484957681,"level":"DEBUG","args":["[Manus] Debug collector initialized (no rrweb, UI events only)"],"stack":null}
[2026-05-11T07:36:00.436Z] {"timestamp":1778484958322,"level":"DEBUG","args":["[vite] connected."],"stack":null}
[2026-05-11T07:36:04.427Z] {"timestamp":1778484961476,"level":"DEBUG","args":["[Manus] Debug collector initialized (no rrweb, UI events only)"],"stack":null}
[2026-05-11T07:36:04.427Z] {"timestamp":1778484962165,"level":"DEBUG","args":["[vite] connected."],"stack":null}
[2026-05-11T07:36:22.429Z] {"timestamp":1778484979820,"level":"DEBUG","args":["[Manus] Debug collector initialized (no rrweb, UI events only)"],"stack":null}
[2026-05-11T07:36:22.429Z] {"timestamp":1778484980322,"level":"DEBUG","args":["[vite] connected."],"stack":null}
[2026-05-11T07:36:25.435Z] {"timestamp":1778484983237,"level":"DEBUG","args":["[Manus] Debug collector initialized (no rrweb, UI events only)"],"stack":null}
[2026-05-11T07:36:25.435Z] {"timestamp":1778484983702,"level":"DEBUG","args":["[vite] connected."],"stack":null}
[2026-05-11T07:36:55.427Z] {"timestamp":1778485012350,"level":"DEBUG","args":["[Manus] Debug collector initialized (no rrweb, UI events only)"],"stack":null}
[2026-05-11T07:36:55.427Z] {"timestamp":1778485012851,"level":"DEBUG","args":["[vite] connected."],"stack":null}
[2026-05-11T07:36:58.431Z] {"timestamp":1778485016098,"level":"DEBUG","args":["[Manus] Debug collector initialized (no rrweb, UI events only)"],"stack":null}
[2026-05-11T07:36:58.431Z] {"timestamp":1778485017146,"level":"DEBUG","args":["[vite] connected."],"stack":null}
[2026-05-11T07:37:27.431Z] {"timestamp":1778485044696,"level":"DEBUG","args":["[Manus] Debug collector initialized (no rrweb, UI events only)"],"stack":null}
[2026-05-11T07:37:27.431Z] {"timestamp":1778485045384,"level":"DEBUG","args":["[vite] connected."],"stack":null}
[2026-05-11T07:37:30.426Z] {"timestamp":1778485048204,"level":"DEBUG","args":["[Manus] Debug collector initialized (no rrweb, UI events only)"],"stack":null}
[2026-05-11T07:37:30.426Z] {"timestamp":1778485049025,"level":"DEBUG","args":["[vite] connected."],"stack":null}
[2026-05-11T07:37:51.488Z] {"timestamp":1778485065589,"level":"LOG","args":["[vite] server connection lost. Polling for restart..."],"stack":null}
[2026-05-11T07:37:53.750Z] {"timestamp":1778485071730,"level":"DEBUG","args":["[Manus] Debug collector initialized (no rrweb, UI events only)"],"stack":null}
[2026-05-11T07:37:53.750Z] {"timestamp":1778485071806,"level":"DEBUG","args":["[vite] connected."],"stack":null}
[2026-05-11T07:37:53.750Z] {"timestamp":1778485072228,"level":"INFO","args":["%cDownload the React DevTools for a better development experience: https://react.dev/link/react-devtools","font-weight:bold"],"stack":null}
[2026-05-11T07:37:55.433Z] {"timestamp":1778485072384,"level":"DEBUG","args":["[Manus] Debug collector initialized (no rrweb, UI events only)"],"stack":null}
[2026-05-11T07:37:55.433Z] {"timestamp":1778485073176,"level":"DEBUG","args":["[vite] connected."],"stack":null}
[2026-05-11T07:37:58.427Z] {"timestamp":1778485076048,"level":"DEBUG","args":["[Manus] Debug collector initialized (no rrweb, UI events only)"],"stack":null}
[2026-05-11T07:37:58.427Z] {"timestamp":1778485076629,"level":"DEBUG","args":["[vite] connected."],"stack":null}
[2026-05-11T07:38:16.433Z] {"timestamp":1778485093606,"level":"DEBUG","args":["[Manus] Debug collector initialized (no rrweb, UI events only)"],"stack":null}
[2026-05-11T07:38:16.433Z] {"timestamp":1778485094263,"level":"DEBUG","args":["[vite] connected."],"stack":null}
[2026-05-11T07:38:26.430Z] {"timestamp":1778485103535,"level":"DEBUG","args":["[Manus] Debug collector initialized (no rrweb, UI events only)"],"stack":null}
[2026-05-11T07:38:26.430Z] {"timestamp":1778485104441,"level":"DEBUG","args":["[vite] connected."],"stack":null}
[2026-05-11T07:38:29.426Z] {"timestamp":1778485106994,"level":"DEBUG","args":["[Manus] Debug collector initialized (no rrweb, UI events only)"],"stack":null}
[2026-05-11T07:38:29.426Z] {"timestamp":1778485107713,"level":"DEBUG","args":["[vite] connected."],"stack":null}
[2026-05-11T07:39:50.429Z] {"timestamp":1778485187349,"level":"DEBUG","args":["[Manus] Debug collector initialized (no rrweb, UI events only)"],"stack":null}
[2026-05-11T07:39:50.429Z] {"timestamp":1778485187827,"level":"DEBUG","args":["[vite] connected."],"stack":null}
[2026-05-11T07:39:53.438Z] {"timestamp":1778485190854,"level":"DEBUG","args":["[Manus] Debug collector initialized (no rrweb, UI events only)"],"stack":null}
[2026-05-11T07:39:53.438Z] {"timestamp":1778485191421,"level":"DEBUG","args":["[vite] connected."],"stack":null}
[2026-05-11T07:40:56.430Z] {"timestamp":1778485253602,"level":"DEBUG","args":["[Manus] Debug collector initialized (no rrweb, UI events only)"],"stack":null}
[2026-05-11T07:40:56.430Z] {"timestamp":1778485254152,"level":"DEBUG","args":["[vite] connected."],"stack":null}
[2026-05-11T07:40:59.427Z] {"timestamp":1778485257084,"level":"DEBUG","args":["[Manus] Debug collector initialized (no rrweb, UI events only)"],"stack":null}
[2026-05-11T07:40:59.427Z] {"timestamp":1778485257728,"level":"DEBUG","args":["[vite] connected."],"stack":null}
[2026-05-11T07:41:39.118Z] {"timestamp":1778485296979,"level":"DEBUG","args":["[Manus] Debug collector initialized (no rrweb, UI events only)"],"stack":null}
[2026-05-11T07:41:39.118Z] {"timestamp":1778485297938,"level":"DEBUG","args":["[vite] connected."],"stack":null}
[2026-05-11T07:41:42.138Z] {"timestamp":1778485300124,"level":"DEBUG","args":["[Manus] Debug collector initialized (no rrweb, UI events only)"],"stack":null}
[2026-05-11T07:41:42.139Z] {"timestamp":1778485300170,"level":"DEBUG","args":["[vite] connected."],"stack":null}
[2026-05-11T07:41:42.139Z] {"timestamp":1778485300560,"level":"INFO","args":["%cDownload the React DevTools for a better development experience: https://react.dev/link/react-devtools","font-weight:bold"],"stack":null}
[2026-05-11T07:41:48.282Z] {"timestamp":1778485304305,"level":"LOG","args":["[vite] server connection lost. Polling for restart..."],"stack":null}
[2026-05-11T07:41:50.684Z] {"timestamp":1778485308669,"level":"DEBUG","args":["[Manus] Debug collector initialized (no rrweb, UI events only)"],"stack":null}
[2026-05-11T07:41:50.684Z] {"timestamp":1778485308724,"level":"DEBUG","args":["[vite] connected."],"stack":null}
[2026-05-11T07:41:50.684Z] {"timestamp":1778485309089,"level":"INFO","args":["%cDownload the React DevTools for a better development experience: https://react.dev/link/react-devtools","font-weight:bold"],"stack":null}
[2026-05-11T07:41:57.380Z] {"timestamp":1778485313409,"level":"LOG","args":["[vite] server connection lost. Polling for restart..."],"stack":null}
[2026-05-11T07:42:00.147Z] {"timestamp":1778485317974,"level":"DEBUG","args":["[Manus] Debug collector initialized (no rrweb, UI events only)"],"stack":null}
[2026-05-11T07:42:00.147Z] {"timestamp":1778485319260,"level":"DEBUG","args":["[vite] connected."],"stack":null}
[2026-05-11T07:42:00.147Z] {"timestamp":1778485319737,"level":"INFO","args":["%cDownload the React DevTools for a better development experience: https://react.dev/link/react-devtools","font-weight:bold"],"stack":null}
[2026-05-11T07:42:02.425Z] {"timestamp":1778485319791,"level":"DEBUG","args":["[Manus] Debug collector initialized (no rrweb, UI events only)"],"stack":null}
[2026-05-11T07:42:02.425Z] {"timestamp":1778485320895,"level":"DEBUG","args":["[vite] connected."],"stack":null}
[2026-05-11T07:42:07.429Z] {"timestamp":1778485324741,"level":"DEBUG","args":["[Manus] Debug collector initialized (no rrweb, UI events only)"],"stack":null}
[2026-05-11T07:42:07.429Z] {"timestamp":1778485325235,"level":"DEBUG","args":["[vite] connected."],"stack":null}
[2026-05-11T07:42:14.498Z] {"timestamp":1778485331788,"level":"DEBUG","args":["[Manus] Debug collector initialized (no rrweb, UI events only)"],"stack":null}
[2026-05-11T07:42:14.498Z] {"timestamp":1778485333373,"level":"DEBUG","args":["[vite] connected."],"stack":null}
[2026-05-11T07:42:20.432Z] {"timestamp":1778485337853,"level":"DEBUG","args":["[Manus] Debug collector initialized (no rrweb, UI events only)"],"stack":null}
[2026-05-11T07:42:20.432Z] {"timestamp":1778485338378,"level":"DEBUG","args":["[vite] connected."],"stack":null}
[2026-05-11T07:42:24.471Z] {"timestamp":1778485341560,"level":"DEBUG","args":["[Manus] Debug collector initialized (no rrweb, UI events only)"],"stack":null}
[2026-05-11T07:42:24.471Z] {"timestamp":1778485342056,"level":"DEBUG","args":["[vite] connected."],"stack":null}
[2026-05-11T07:42:35.428Z] {"timestamp":1778485353239,"level":"DEBUG","args":["[Manus] Debug collector initialized (no rrweb, UI events only)"],"stack":null}
[2026-05-11T07:42:35.428Z] {"timestamp":1778485354109,"level":"DEBUG","args":["[vite] connected."],"stack":null}
[2026-05-11T07:42:41.432Z] {"timestamp":1778485358355,"level":"DEBUG","args":["[Manus] Debug collector initialized (no rrweb, UI events only)"],"stack":null}
[2026-05-11T07:42:41.432Z] {"timestamp":1778485359066,"level":"DEBUG","args":["[vite] connected."],"stack":null}
[2026-05-11T07:47:58.438Z] {"timestamp":1778485675942,"level":"DEBUG","args":["[Manus] Debug collector initialized (no rrweb, UI events only)"],"stack":null}
[2026-05-11T07:47:58.438Z] {"timestamp":1778485676869,"level":"DEBUG","args":["[vite] connected."],"stack":null}
[2026-05-11T07:48:02.436Z] {"timestamp":1778485679645,"level":"DEBUG","args":["[Manus] Debug collector initialized (no rrweb, UI events only)"],"stack":null}
[2026-05-11T07:48:02.436Z] {"timestamp":1778485681127,"level":"DEBUG","args":["[vite] connected."],"stack":null}
[2026-05-11T07:48:20.433Z] {"timestamp":1778485698416,"level":"DEBUG","args":["[vite]","invalidate /src/pages/GeoPages.tsx: Could not Fast Refresh (\"buildPublishCheckSummary\" export is incompatible). Learn more at https://github.com/vitejs/vite-plugin-react/tree/main/packages/plugin-react#consistent-components-exports"],"stack":null}
[2026-05-11T07:48:20.433Z] {"timestamp":1778485698416,"level":"DEBUG","args":["[vite]","hot updated: /src/pages/GeoPages.tsx"],"stack":null}
[2026-05-11T07:48:20.433Z] {"timestamp":1778485698416,"level":"DEBUG","args":["[vite]","hot updated: /src/index.css"],"stack":null}
[2026-05-11T07:48:20.433Z] {"timestamp":1778485698816,"level":"DEBUG","args":["[vite]","hot updated: /src/App.tsx"],"stack":null}
[2026-05-11T07:48:22.317Z] {"timestamp":1778485698699,"level":"DEBUG","args":["[vite]","invalidate /src/pages/GeoPages.tsx: Could not Fast Refresh (\"buildPublishCheckSummary\" export is incompatible). Learn more at https://github.com/vitejs/vite-plugin-react/tree/main/packages/plugin-react#consistent-components-exports"],"stack":null}
[2026-05-11T07:48:22.317Z] {"timestamp":1778485698701,"level":"DEBUG","args":["[vite]","hot updated: /src/pages/GeoPages.tsx"],"stack":null}
[2026-05-11T07:48:22.317Z] {"timestamp":1778485698702,"level":"DEBUG","args":["[vite]","hot updated: /src/index.css"],"stack":null}
[2026-05-11T07:48:22.317Z] {"timestamp":1778485698771,"level":"DEBUG","args":["[vite]","hot updated: /src/App.tsx"],"stack":null}
[2026-05-11T07:48:25.433Z] {"timestamp":1778485703230,"level":"DEBUG","args":["[Manus] Debug collector initialized (no rrweb, UI events only)"],"stack":null}
[2026-05-11T07:48:25.433Z] {"timestamp":1778485703951,"level":"DEBUG","args":["[vite] connected."],"stack":null}
[2026-05-11T07:48:29.437Z] {"timestamp":1778485706583,"level":"DEBUG","args":["[Manus] Debug collector initialized (no rrweb, UI events only)"],"stack":null}
[2026-05-11T07:48:29.437Z] {"timestamp":1778485707159,"level":"DEBUG","args":["[vite] connected."],"stack":null}
[2026-05-11T08:07:45.425Z] {"timestamp":1778486863097,"level":"DEBUG","args":["[Manus] Debug collector initialized (no rrweb, UI events only)"],"stack":null}
[2026-05-11T08:07:45.425Z] {"timestamp":1778486863902,"level":"DEBUG","args":["[vite] connected."],"stack":null}
[2026-05-11T08:07:56.430Z] {"timestamp":1778486873400,"level":"DEBUG","args":["[Manus] Debug collector initialized (no rrweb, UI events only)"],"stack":null}
[2026-05-11T08:07:56.430Z] {"timestamp":1778486874434,"level":"DEBUG","args":["[vite] connected."],"stack":null}
[2026-05-11T08:09:15.107Z] {"timestamp":1778486952975,"level":"DEBUG","args":["[Manus] Debug collector initialized (no rrweb, UI events only)"],"stack":null}
[2026-05-11T08:09:15.107Z] {"timestamp":1778486953438,"level":"DEBUG","args":["[vite] connected."],"stack":null}
[2026-05-11T08:09:20.432Z] {"timestamp":1778486958175,"level":"DEBUG","args":["[Manus] Debug collector initialized (no rrweb, UI events only)"],"stack":null}
[2026-05-11T08:09:20.432Z] {"timestamp":1778486958835,"level":"DEBUG","args":["[vite] connected."],"stack":null}
[2026-05-11T08:09:28.432Z] {"timestamp":1778486965318,"level":"DEBUG","args":["[Manus] Debug collector initialized (no rrweb, UI events only)"],"stack":null}
[2026-05-11T08:09:28.432Z] {"timestamp":1778486965803,"level":"DEBUG","args":["[vite] connected."],"stack":null}
[2026-05-11T08:09:31.433Z] {"timestamp":1778486968977,"level":"DEBUG","args":["[Manus] Debug collector initialized (no rrweb, UI events only)"],"stack":null}
[2026-05-11T08:09:31.433Z] {"timestamp":1778486969901,"level":"DEBUG","args":["[vite] connected."],"stack":null}
[2026-05-11T08:15:03.434Z] {"timestamp":1778487300532,"level":"DEBUG","args":["[Manus] Debug collector initialized (no rrweb, UI events only)"],"stack":null}
[2026-05-11T08:15:03.434Z] {"timestamp":1778487300997,"level":"DEBUG","args":["[vite] connected."],"stack":null}
[2026-05-11T08:15:06.433Z] {"timestamp":1778487304181,"level":"DEBUG","args":["[Manus] Debug collector initialized (no rrweb, UI events only)"],"stack":null}
[2026-05-11T08:15:06.433Z] {"timestamp":1778487304750,"level":"DEBUG","args":["[vite] connected."],"stack":null}
[2026-05-11T08:16:32.429Z] {"timestamp":1778487389827,"level":"DEBUG","args":["[Manus] Debug collector initialized (no rrweb, UI events only)"],"stack":null}
[2026-05-11T08:16:32.429Z] {"timestamp":1778487390913,"level":"DEBUG","args":["[vite] connected."],"stack":null}
[2026-05-11T08:16:58.428Z] {"timestamp":1778487416873,"level":"DEBUG","args":["[vite]","invalidate /src/pages/GeoPages.tsx: Could not Fast Refresh (\"buildPublishCheckSummary\" export is incompatible). Learn more at https://github.com/vitejs/vite-plugin-react/tree/main/packages/plugin-react#consistent-components-exports"],"stack":null}
[2026-05-11T08:16:58.428Z] {"timestamp":1778487416873,"level":"DEBUG","args":["[vite]","hot updated: /src/pages/GeoPages.tsx"],"stack":null}
[2026-05-11T08:16:58.428Z] {"timestamp":1778487416873,"level":"DEBUG","args":["[vite]","hot updated: /src/index.css"],"stack":null}
[2026-05-11T08:16:58.428Z] {"timestamp":1778487417253,"level":"DEBUG","args":["[vite]","hot updated: /src/App.tsx"],"stack":null}
[2026-05-11T08:17:01.180Z] {"timestamp":1778487417344,"level":"DEBUG","args":["[vite]","invalidate /src/pages/GeoPages.tsx: Could not Fast Refresh (\"buildPublishCheckSummary\" export is incompatible). Learn more at https://github.com/vitejs/vite-plugin-react/tree/main/packages/plugin-react#consistent-components-exports"],"stack":null}
[2026-05-11T08:17:01.180Z] {"timestamp":1778487417346,"level":"DEBUG","args":["[vite]","hot updated: /src/pages/GeoPages.tsx"],"stack":null}
[2026-05-11T08:17:01.180Z] {"timestamp":1778487417347,"level":"DEBUG","args":["[vite]","hot updated: /src/index.css"],"stack":null}
[2026-05-11T08:17:01.180Z] {"timestamp":1778487417373,"level":"DEBUG","args":["[vite]","hot updated: /src/App.tsx"],"stack":null}
[2026-05-11T08:17:15.589Z] {"timestamp":1778487433455,"level":"DEBUG","args":["[Manus] Debug collector initialized (no rrweb, UI events only)"],"stack":null}
[2026-05-11T08:17:15.590Z] {"timestamp":1778487433940,"level":"DEBUG","args":["[vite] connected."],"stack":null}
[2026-05-11T08:17:21.431Z] {"timestamp":1778487439258,"level":"DEBUG","args":["[Manus] Debug collector initialized (no rrweb, UI events only)"],"stack":null}
[2026-05-11T08:17:21.431Z] {"timestamp":1778487439720,"level":"DEBUG","args":["[vite] connected."],"stack":null}
[2026-05-11T08:17:35.431Z] {"timestamp":1778487452775,"level":"DEBUG","args":["[Manus] Debug collector initialized (no rrweb, UI events only)"],"stack":null}
[2026-05-11T08:17:35.431Z] {"timestamp":1778487453249,"level":"DEBUG","args":["[vite] connected."],"stack":null}
[2026-05-11T08:29:42.431Z] {"timestamp":1778488180203,"level":"DEBUG","args":["[Manus] Debug collector initialized (no rrweb, UI events only)"],"stack":null}
[2026-05-11T08:29:42.431Z] {"timestamp":1778488180909,"level":"DEBUG","args":["[vite] connected."],"stack":null}
[2026-05-11T08:29:53.438Z] {"timestamp":1778488190522,"level":"DEBUG","args":["[Manus] Debug collector initialized (no rrweb, UI events only)"],"stack":null}
[2026-05-11T08:29:53.438Z] {"timestamp":1778488191015,"level":"DEBUG","args":["[vite] connected."],"stack":null}
[2026-05-11T08:30:42.439Z] {"timestamp":1778488240217,"level":"DEBUG","args":["[Manus] Debug collector initialized (no rrweb, UI events only)"],"stack":null}
[2026-05-11T08:30:42.439Z] {"timestamp":1778488240837,"level":"DEBUG","args":["[vite] connected."],"stack":null}
[2026-05-11T08:30:49.437Z] {"timestamp":1778488246319,"level":"DEBUG","args":["[Manus] Debug collector initialized (no rrweb, UI events only)"],"stack":null}
[2026-05-11T08:30:49.437Z] {"timestamp":1778488246869,"level":"DEBUG","args":["[vite] connected."],"stack":null}
[2026-05-11T08:36:28.436Z] {"timestamp":1778488586429,"level":"DEBUG","args":["[Manus] Debug collector initialized (no rrweb, UI events only)"],"stack":null}
[2026-05-11T08:36:28.436Z] {"timestamp":1778488586447,"level":"DEBUG","args":["[vite] connected."],"stack":null}
[2026-05-11T08:36:28.436Z] {"timestamp":1778488586721,"level":"INFO","args":["%cDownload the React DevTools for a better development experience: https://react.dev/link/react-devtools","font-weight:bold"],"stack":null}
[2026-05-11T08:36:59.577Z] {"timestamp":1778488617571,"level":"DEBUG","args":["[Manus] Debug collector initialized (no rrweb, UI events only)"],"stack":null}
[2026-05-11T08:36:59.577Z] {"timestamp":1778488617589,"level":"DEBUG","args":["[vite] connected."],"stack":null}
[2026-05-11T08:36:59.577Z] {"timestamp":1778488617804,"level":"INFO","args":["%cDownload the React DevTools for a better development experience: https://react.dev/link/react-devtools","font-weight:bold"],"stack":null}
[2026-05-12T05:37:19.730Z] {"timestamp":1778564239248,"level":"LOG","args":["[vite] server connection lost. Polling for restart..."],"stack":null}
[2026-05-12T05:37:22.118Z] {"timestamp":1778564240103,"level":"DEBUG","args":["[Manus] Debug collector initialized (no rrweb, UI events only)"],"stack":null}
[2026-05-12T05:37:22.118Z] {"timestamp":1778564240154,"level":"DEBUG","args":["[vite] connected."],"stack":null}
[2026-05-12T05:37:22.118Z] {"timestamp":1778564240729,"level":"INFO","args":["%cDownload the React DevTools for a better development experience: https://react.dev/link/react-devtools","font-weight:bold"],"stack":null}
[2026-05-12T05:40:33.589Z] {"timestamp":1778564431583,"level":"DEBUG","args":["[Manus] Debug collector initialized (no rrweb, UI events only)"],"stack":null}
[2026-05-12T05:40:33.589Z] {"timestamp":1778564431598,"level":"DEBUG","args":["[vite] connected."],"stack":null}
[2026-05-12T05:40:33.589Z] {"timestamp":1778564431834,"level":"INFO","args":["%cDownload the React DevTools for a better development experience: https://react.dev/link/react-devtools","font-weight:bold"],"stack":null}
[2026-05-12T05:40:48.191Z] {"timestamp":1778564446038,"level":"DEBUG","args":["[Manus] Debug collector initialized (no rrweb, UI events only)"],"stack":null}
[2026-05-12T05:40:48.191Z] {"timestamp":1778564446496,"level":"DEBUG","args":["[vite] connected."],"stack":null}
[2026-05-12T05:40:51.701Z] {"timestamp":1778564449547,"level":"DEBUG","args":["[Manus] Debug collector initialized (no rrweb, UI events only)"],"stack":null}
[2026-05-12T05:40:51.702Z] {"timestamp":1778564450029,"level":"DEBUG","args":["[vite] connected."],"stack":null}
[2026-05-18T08:34:17.527Z] {"timestamp":1779093256590,"level":"LOG","args":["[vite] server connection lost. Polling for restart..."],"stack":null}
[2026-05-18T08:34:20.025Z] {"timestamp":1779093258000,"level":"DEBUG","args":["[Manus] Debug collector initialized (no rrweb, UI events only)"],"stack":null}
[2026-05-18T08:34:20.025Z] {"timestamp":1779093258088,"level":"DEBUG","args":["[vite] connected."],"stack":null}
[2026-05-18T08:34:20.025Z] {"timestamp":1779093258470,"level":"INFO","args":["%cDownload the React DevTools for a better development experience: https://react.dev/link/react-devtools","font-weight:bold"],"stack":null}
[2026-05-18T08:34:53.588Z] {"timestamp":1779093291545,"level":"DEBUG","args":["[Manus] Debug collector initialized (no rrweb, UI events only)"],"stack":null}
[2026-05-18T08:34:53.588Z] {"timestamp":1779093291563,"level":"DEBUG","args":["[vite] connected."],"stack":null}
[2026-05-18T08:34:53.588Z] {"timestamp":1779093293366,"level":"INFO","args":["%cDownload the React DevTools for a better development experience: https://react.dev/link/react-devtools","font-weight:bold"],"stack":null}
